// Jest Snapshot v1, https://goo.gl/fbAQLP

exports[`MultiselectDropdown component renders MultiselectDropdown component snapshot 1`] = `
<DocumentFragment>
  <div
    class="multiselect-dropdown"
  >
    <div
      class="multiselect-dropdown__input-wrapper"
      role="button"
      tabindex="0"
    >
      <input
        class="multiselect-dropdown__input"
        id="genres"
        placeholder="Some placeholder"
        readonly=""
        type="text"
        value=""
      />
      <span
        class="multiselect-dropdown__icon"
      >
        <svg
          aria-hidden="true"
          class="svg-inline--fa fa-sort-down "
          data-icon="sort-down"
          data-prefix="fas"
          focusable="false"
          role="img"
          viewBox="0 0 320 512"
          xmlns="http://www.w3.org/2000/svg"
        >
          <path
            d="M182.6 470.6c-12.5 12.5-32.8 12.5-45.3 0l-128-128c-9.2-9.2-11.9-22.9-6.9-34.9s16.6-19.8 29.6-19.8H288c12.9 0 24.6 7.8 29.6 19.8s2.2 25.7-6.9 34.9l-128 128z"
            fill="currentColor"
          />
        </svg>
      </span>
    </div>
    <div
      class="multiselect-dropdown__body-wrapper
        hidden"
    >
      <ul
        class="multiselect-dropdown__list"
      >
        <li
          class="multiselect-dropdown__option"
        >
          <label
            class="multiselect-dropdown__label"
            for="Option1"
          >
            <input
              class="multiselect-dropdown__checkbox"
              id="Option1"
              type="checkbox"
              value="Option1"
            />
            Option1
          </label>
        </li>
        <li
          class="multiselect-dropdown__option"
        >
          <label
            class="multiselect-dropdown__label"
            for="Option2"
          >
            <input
              class="multiselect-dropdown__checkbox"
              id="Option2"
              type="checkbox"
              value="Option2"
            />
            Option2
          </label>
        </li>
      </ul>
    </div>
  </div>
</DocumentFragment>
`;
