// Jest Snapshot v1, https://goo.gl/fbAQLP

exports[`TopBar renders TopBar snapshot 1`] = `
<DocumentFragment>
  <div
    class="top-bar"
  >
    Logo
    <button
      class="add-movie__button"
      type="button"
    >
      + ADD MOVIE
    </button>
  </div>
</DocumentFragment>
`;
