// Jest Snapshot v1, https://goo.gl/fbAQLP

exports[`Home page renders Home page snapshot 1`] = `
<DocumentFragment>
  HeaderViewMainContentViewFooterView
</DocumentFragment>
`;
