// Jest Snapshot v1, https://goo.gl/fbAQLP

exports[`Spinner renders Spinner snapshot 1`] = `
<DocumentFragment>
  <div
    class="spinner-container"
  >
    <div
      class="spinner"
    />
  </div>
</DocumentFragment>
`;
