// Jest Snapshot v1, https://goo.gl/fbAQLP

exports[`SearchBar renders SearchBar snapshot 1`] = `
<DocumentFragment>
  <div
    class="search-bar"
  >
    <input
      placeholder="What do you want to watch?"
      type="text"
      value=""
    />
    <button
      type="button"
    >
      Search
    </button>
  </div>
</DocumentFragment>
`;
