// Jest Snapshot v1, https://goo.gl/fbAQLP

exports[`MainContent view renders MainContent view snapshot 1`] = `
<DocumentFragment>
  <div
    class="main-content"
  >
    <div
      class="top-content"
    >
      GenreToggleComponentSortDropdownComponent
    </div>
    MovieCountComponentMovieListComponent
  </div>
</DocumentFragment>
`;
