// Jest Snapshot v1, https://goo.gl/fbAQLP

exports[`Footer view renders Footer view snapshot 1`] = `
<DocumentFragment>
  <div
    class="footer"
  >
    LogoComponent
  </div>
</DocumentFragment>
`;
